// Jest Snapshot v1, https://goo.gl/fbAQLP

exports[`<PortfolioFilterToolbar /> should render correctly 1`] = `
<Toolbar
  className={null}
>
  <ToolbarGroup
    className={null}
  >
    <ToolbarItem
      className={null}
    >
      <FilterToolbarItem
        onFilterChange={[MockFunction]}
        placeholder="Filter by name..."
        searchValue=""
      />
    </ToolbarItem>
  </ToolbarGroup>
  <ToolbarGroup
    className={null}
  >
    <ToolbarItem
      className={null}
    >
      <Link
        to="/add"
      >
        <Button
          aria-label="Add Products to Portfolio"
          className=""
          component="button"
          isActive={false}
          isBlock={false}
          isDisabled={false}
          isFocus={false}
          isHover={false}
          type="button"
          variant="primary"
        >
          Add products
        </Button>
      </Link>
    </ToolbarItem>
  </ToolbarGroup>
  <ToolbarGroup
    className={null}
  >
    <ToolbarItem
      className={null}
    >
      <Link
        to="/remove-products"
      >
        <Button
          aria-label="Remove Products from Portfolio"
          className="destructive-color"
          component="button"
          isActive={false}
          isBlock={false}
          isDisabled={false}
          isFocus={false}
          isHover={false}
          type="button"
          variant="link"
        >
          Remove products
        </Button>
      </Link>
    </ToolbarItem>
    <ToolbarItem
      className={null}
    >
      <Dropdown
        className=""
        direction="down"
        dropdownItems={
          Array [
            <Item
              aria-label="Share Portfolio"
              className=""
              component="a"
              href="#"
              isDisabled={false}
              isHovered={false}
            >
              <Link
                className="pf-c-dropdown__menu-item"
                role="link"
              >
                Share
              </Link>
            </Item>,
            <Separator
              className=""
              component="a"
              href="#"
              isDisabled={false}
              isHovered={false}
            />,
            <Item
              aria-label="Edit Portfolio"
              className=""
              component="a"
              href="#"
              isDisabled={false}
              isHovered={false}
            >
              <Link
                className="pf-c-dropdown__menu-item"
                role="link"
                to="/edit"
              >
                Edit
              </Link>
            </Item>,
            <Item
              aria-label="Remove Portfolio"
              className=""
              component="a"
              href="#"
              isDisabled={false}
              isHovered={false}
            >
              <Link
                className="pf-c-dropdown__menu-item destructive-color"
                role="link"
                to="/remove-portfolio"
              >
                Delete
              </Link>
            </Item>,
          ]
        }
        isOpen={false}
        isPlain={true}
        onSelect={[Function]}
        onToggle={[Function]}
        position="right"
        toggle={
          <Kebab
            aria-label="Actions"
            className=""
            id=""
            isActive={false}
            isFocused={false}
            isHovered={false}
            isOpen={false}
            isPlain={false}
            onToggle={[Function]}
            parentRef={null}
          />
        }
      />
    </ToolbarItem>
  </ToolbarGroup>
</Toolbar>
`;
