// Jest Snapshot v1, https://goo.gl/fbAQLP

exports[`<ConditionalLink /> should render children wrapped in router Link component 1`] = `
<ConditionalLink
  pathname="/some/url"
>
  <CatalogLink
    nav={false}
    pathname="/some/url"
    preserveSearch={false}
    searchParams={Object {}}
  >
    <Styled(Link)
      to={
        Object {
          "pathname": "/some/url",
          "search": "",
        }
      }
    >
      <Link
        className="sc-AxjAm jfRa-DE"
        to={
          Object {
            "pathname": "/some/url",
            "search": "",
          }
        }
      >
        <LinkAnchor
          className="sc-AxjAm jfRa-DE"
          href="/some/url"
          navigate={[Function]}
        >
          <a
            className="sc-AxjAm jfRa-DE"
            href="/some/url"
            onClick={[Function]}
          >
            <div>
              Link children
            </div>
          </a>
        </LinkAnchor>
      </Link>
    </Styled(Link)>
  </CatalogLink>
</ConditionalLink>
`;

exports[`<ConditionalLink /> should render only children withouth link 1`] = `
<ConditionalLink>
  <div>
    Link children
  </div>
</ConditionalLink>
`;
