// Jest Snapshot v1, https://goo.gl/fbAQLP

exports[`<PlatformDashboard /> should render correctly 1`] = `
<Connect(Main)>
  <div
    style={
      Object {
        "textAlign": "center",
      }
    }
  >
    <Title
      size="md"
    >
      Search Or Select a Platform
    </Title>
  </div>
</Connect(Main)>
`;
