// Jest Snapshot v1, https://goo.gl/fbAQLP

exports[`<EditToolbarActions /> should render correctly 1`] = `
<EditToolbarActions
  detailUrl="/foo/bar"
  onSave={[MockFunction]}
  resetWorkflow={[MockFunction]}
>
  <LevelItem>
    <div>
      <Link
        replace={false}
        to="/foo/bar"
      >
        <a
          href="/foo/bar"
          onClick={[Function]}
        >
          <Button
            aria-label={null}
            className=""
            component="button"
            isActive={false}
            isBlock={false}
            isDisabled={false}
            isFocus={false}
            isHover={false}
            onClick={[MockFunction]}
            type="button"
            variant="link"
          >
            <button
              aria-disabled={null}
              aria-label={null}
              className="pf-c-button pf-m-link"
              disabled={false}
              onClick={[MockFunction]}
              tabIndex={null}
              type="button"
            >
              Cancel
            </button>
          </Button>
        </a>
      </Link>
    </div>
  </LevelItem>
  <LevelItem>
    <div>
      <Button
        aria-label={null}
        className=""
        component="button"
        isActive={false}
        isBlock={false}
        isDisabled={false}
        isFocus={false}
        isHover={false}
        onClick={[MockFunction]}
        type="button"
        variant="primary"
      >
        <button
          aria-disabled={null}
          aria-label={null}
          className="pf-c-button pf-m-primary"
          disabled={false}
          onClick={[MockFunction]}
          tabIndex={null}
          type="button"
        >
          Save
        </button>
      </Button>
    </div>
  </LevelItem>
</EditToolbarActions>
`;
