// Jest Snapshot v1, https://goo.gl/fbAQLP

exports[`<PortfolioItem /> should render correctly 1`] = `
<PortfolioItem
  description="Bar"
  display_name="quux"
  id="1"
  name="Foo"
  orderUrl="/order"
>
  <Styled(GalleryItem)>
    <GalleryItem
      className="sc-AxgMl beIutK"
    >
      <div
        className="sc-AxgMl beIutK"
      >
        <Styled(Card)>
          <Card
            className="sc-AxhUy kEBXQD"
          >
            <article
              className="pf-c-card sc-AxhUy kEBXQD"
            >
              <CardHeader
                className="card_header"
              >
                <div
                  className="pf-c-card__header pf-c-title pf-m-md card_header"
                >
                  <Level>
                    <div
                      className="pf-l-level"
                    >
                      <CardIcon
                        height={40}
                        src="/api/catalog/v1.0/portfolio_items/1/icon"
                        style={Object {}}
                      >
                        <styled.div
                          height={40}
                        >
                          <div
                            className="sc-AxirZ kGKGpr"
                            height={40}
                          >
                            <IconPlaceholder
                              height={40}
                            >
                              <svg
                                height={40}
                                width={40}
                              >
                                <circle
                                  cx={20}
                                  cy={20}
                                  fill="#ecebeb"
                                  r={20}
                                />
                              </svg>
                            </IconPlaceholder>
                            <Styled(t)
                              delayTime={0}
                              height={0}
                              onError={[Function]}
                              onLoad={[Function]}
                              src="/api/catalog/v1.0/portfolio_items/1/icon"
                              threshold={2000}
                            >
                              <t
                                afterLoad={[Function]}
                                beforeLoad={[Function]}
                                className="sc-AxjAm kNrCzh"
                                delayMethod="throttle"
                                delayTime={0}
                                effect=""
                                height={0}
                                onError={[Function]}
                                onLoad={[Function]}
                                placeholderSrc=""
                                src="/api/catalog/v1.0/portfolio_items/1/icon"
                                threshold={2000}
                                visibleByDefault={false}
                                wrapperClassName=""
                              >
                                <t
                                  afterLoad={[Function]}
                                  beforeLoad={[Function]}
                                  className="sc-AxjAm kNrCzh"
                                  delayMethod="throttle"
                                  delayTime={0}
                                  height={0}
                                  threshold={2000}
                                  visibleByDefault={false}
                                >
                                  <img
                                    className="sc-AxjAm kNrCzh"
                                    height={0}
                                    onError={[Function]}
                                    onLoad={[Function]}
                                    src="/api/catalog/v1.0/portfolio_items/1/icon"
                                  />
                                </t>
                              </t>
                            </Styled(t)>
                          </div>
                        </styled.div>
                      </CardIcon>
                    </div>
                  </Level>
                </div>
              </CardHeader>
              <ServiceOfferingCardBody
                description="Bar"
                display_name="quux"
                id="1"
                name="Foo"
                orderUrl="/order"
              >
                <CardBody
                  className="card-height"
                >
                  <div
                    className="pf-c-card__body card-height"
                  >
                    <TextContent>
                      <div
                        className="pf-c-content"
                      >
                        <ConditionalLink>
                          <Text
                            component="h3"
                            title="Foo"
                          >
                            <h3
                              className=""
                              data-pf-content={true}
                              title="Foo"
                            >
                              <styled.div>
                                <div
                                  className="sc-AxhCb hYKqDj"
                                >
                                  Foo
                                </div>
                              </styled.div>
                            </h3>
                          </Text>
                        </ConditionalLink>
                        <Text
                          component="small"
                        >
                          <small
                            className=""
                            data-pf-content={true}
                          >
                            Â 
                          </small>
                        </Text>
                      </div>
                    </TextContent>
                    <ItemDetails
                      description="Bar"
                      id="1"
                      orderUrl="/order"
                      toDisplay={
                        Array [
                          "description",
                        ]
                      }
                    >
                      <styled.div
                        key="card-prop-description"
                      >
                        <div
                          className="sc-AxiKw iUXPLF"
                        >
                          Bar
                        </div>
                      </styled.div>
                    </ItemDetails>
                  </div>
                </CardBody>
              </ServiceOfferingCardBody>
              <CardFooter>
                <div
                  className="pf-c-card__footer"
                />
              </CardFooter>
            </article>
          </Card>
        </Styled(Card)>
      </div>
    </GalleryItem>
  </Styled(GalleryItem)>
</PortfolioItem>
`;
