// Jest Snapshot v1, https://goo.gl/fbAQLP

exports[`<Platform /> should render correctly 1`] = `
<Platform
  store={
    Object {
      "clearActions": [Function],
      "dispatch": [Function],
      "getActions": [Function],
      "getState": [Function],
      "replaceReducer": [Function],
      "subscribe": [Function],
    }
  }
/>
`;
