// Jest Snapshot v1, https://goo.gl/fbAQLP

exports[`<CardCheckbox /> should render correctly 1`] = `
<div
  style={
    Object {
      "float": "right",
    }
  }
>
  <Checkbox
    aria-label="card checkbox"
    checked={false}
    className=""
    id="foo-id"
    isChecked={null}
    isDisabled={false}
    isValid={true}
    onChange={[MockFunction]}
    onClick={[Function]}
  />
</div>
`;
