// Jest Snapshot v1, https://goo.gl/fbAQLP

exports[`<ImageWithDefault /> should render correctly 1`] = `
<ImageWithDefault
  src="foo"
>
  <img
    src="foo"
  />
</ImageWithDefault>
`;
