// Jest Snapshot v1, https://goo.gl/fbAQLP

exports[`<AddProductsGallery /> should render correctly 1`] = `
<ContentGallery
  checkedItems={Array []}
  editMode={true}
  renderEmptyState={[Function]}
/>
`;
